
> jobzilla@0.1.0 build
> react-scripts build

Creating an optimized production build...
Compiled with warnings.

[eslint] 
src\app\common\CreatePassword.jsx
  Line 1:27:  'useEffect' is defined but never used   no-unused-vars
  Line 3:10:  'pubRoute' is defined but never used    no-unused-vars
  Line 3:20:  'publicUser' is defined but never used  no-unused-vars

src\app\common\footer\footer2.jsx
  Line 103:37:  Anchors must have content and the content must be accessible by a screen reader  jsx-a11y/anchor-has-content
  Line 104:37:  Anchors must have content and the content must be accessible by a screen reader  jsx-a11y/anchor-has-content
  Line 105:37:  Anchors must have content and the content must be accessible by a screen reader  jsx-a11y/anchor-has-content
  Line 106:37:  Anchors must have content and the content must be accessible by a screen reader  jsx-a11y/anchor-has-content

src\app\common\footer\footer3.jsx
  Line 132:11:  Anchors must have content and the content must be accessible by a screen reader  jsx-a11y/anchor-has-content
  Line 139:11:  Anchors must have content and the content must be accessible by a screen reader  jsx-a11y/anchor-has-content
  Line 146:11:  Anchors must have content and the content must be accessible by a screen reader  jsx-a11y/anchor-has-content
  Line 153:11:  Anchors must have content and the content must be accessible by a screen reader  jsx-a11y/anchor-has-content

src\app\common\footer\footer4.jsx
  Line 103:37:  Anchors must have content and the content must be accessible by a screen reader  jsx-a11y/anchor-has-content
  Line 104:37:  Anchors must have content and the content must be accessible by a screen reader  jsx-a11y/anchor-has-content
  Line 105:37:  Anchors must have content and the content must be accessible by a screen reader  jsx-a11y/anchor-has-content
  Line 106:37:  Anchors must have content and the content must be accessible by a screen reader  jsx-a11y/anchor-has-content

src\app\common\popups\popup-interview-round-details.jsx
  Line 2:10:  'X' is defined but never used                                                                                              no-unused-vars
  Line 14:8:  React Hook useEffect has a missing dependency: 'fetchAssessmentDetails'. Either include it or remove the dependency array  react-hooks/exhaustive-deps

src\app\common\popups\popup-signin.jsx
  Line 1:10:    'NavLink' is defined but never used                                                                                                                                                                                                                                                                                                                                       no-unused-vars
  Line 16:12:   'loading' is assigned a value but never used                                                                                                                                                                                                                                                                                                                              no-unused-vars
  Line 349:16:  The href attribute is required for an anchor to be keyboard accessible. Provide a valid, navigable address as the href value. If you cannot provide an href, but still need the element to resemble a link, use a button and change it with appropriate styles. Learn more: https://github.com/jsx-eslint/eslint-plugin-jsx-a11y/blob/HEAD/docs/rules/anchor-is-valid.md  jsx-a11y/anchor-is-valid
  Line 431:16:  The href attribute is required for an anchor to be keyboard accessible. Provide a valid, navigable address as the href value. If you cannot provide an href, but still need the element to resemble a link, use a button and change it with appropriate styles. Learn more: https://github.com/jsx-eslint/eslint-plugin-jsx-a11y/blob/HEAD/docs/rules/anchor-is-valid.md  jsx-a11y/anchor-is-valid
  Line 513:16:  The href attribute is required for an anchor to be keyboard accessible. Provide a valid, navigable address as the href value. If you cannot provide an href, but still need the element to resemble a link, use a button and change it with appropriate styles. Learn more: https://github.com/jsx-eslint/eslint-plugin-jsx-a11y/blob/HEAD/docs/rules/anchor-is-valid.md  jsx-a11y/anchor-is-valid

src\app\common\popups\popup-signup.jsx
  Line 2:10:    'pubRoute' is defined but never used                 no-unused-vars
  Line 2:20:    'publicUser' is defined but never used               no-unused-vars
  Line 3:55:    'validatePhoneOnBlur' is defined but never used      no-unused-vars
  Line 153:13:  Expected a default case                              default-case
  Line 219:19:  'formattedValue' is assigned a value but never used  no-unused-vars
  Line 233:19:  'formattedValue' is assigned a value but never used  no-unused-vars
  Line 246:19:  'formattedValue' is assigned a value but never used  no-unused-vars

src\app\pannels\admin\common\admin-header.jsx
  Line 6:12:   'adminData' is assigned a value but never used                                                                                                                                                                                                                                                                                                                            no-unused-vars
  Line 17:23:  'payload' is assigned a value but never used                                                                                                                                                                                                                                                                                                                              no-unused-vars
  Line 39:33:  The href attribute is required for an anchor to be keyboard accessible. Provide a valid, navigable address as the href value. If you cannot provide an href, but still need the element to resemble a link, use a button and change it with appropriate styles. Learn more: https://github.com/jsx-eslint/eslint-plugin-jsx-a11y/blob/HEAD/docs/rules/anchor-is-valid.md  jsx-a11y/anchor-is-valid

src\app\pannels\admin\common\admin-sidebar.jsx
  Line 91:33:   The href attribute requires a valid value to be accessible. Provide a valid, navigable address as the href value. If you cannot provide a valid href, but still need the element to resemble a link, use a button and change it with appropriate styles. Learn more: https://github.com/jsx-eslint/eslint-plugin-jsx-a11y/blob/HEAD/docs/rules/anchor-is-valid.md  jsx-a11y/anchor-is-valid
  Line 129:33:  The href attribute requires a valid value to be accessible. Provide a valid, navigable address as the href value. If you cannot provide a valid href, but still need the element to resemble a link, use a button and change it with appropriate styles. Learn more: https://github.com/jsx-eslint/eslint-plugin-jsx-a11y/blob/HEAD/docs/rules/anchor-is-valid.md  jsx-a11y/anchor-is-valid
  Line 178:29:  The href attribute requires a valid value to be accessible. Provide a valid, navigable address as the href value. If you cannot provide a valid href, but still need the element to resemble a link, use a button and change it with appropriate styles. Learn more: https://github.com/jsx-eslint/eslint-plugin-jsx-a11y/blob/HEAD/docs/rules/anchor-is-valid.md  jsx-a11y/anchor-is-valid

src\app\pannels\admin\components\admin-candidate-review.jsx
  Line 2:8:   'JobZImage' is defined but never used                                                                                     no-unused-vars
  Line 15:8:  React Hook useEffect has a missing dependency: 'fetchCandidateDetails'. Either include it or remove the dependency array  react-hooks/exhaustive-deps

src\app\pannels\admin\components\admin-candidates.jsx
  Line 4:10:    'showPopup' is defined but never used                                                                                                                                                                                                                                                                                                                              no-unused-vars
  Line 4:58:    'showInfo' is defined but never used                                                                                                                                                                                                                                                                                                                               no-unused-vars
  Line 96:46:   The href attribute requires a valid value to be accessible. Provide a valid, navigable address as the href value. If you cannot provide a valid href, but still need the element to resemble a link, use a button and change it with appropriate styles. Learn more: https://github.com/jsx-eslint/eslint-plugin-jsx-a11y/blob/HEAD/docs/rules/anchor-is-valid.md  jsx-a11y/anchor-is-valid
  Line 96:66:   The href attribute requires a valid value to be accessible. Provide a valid, navigable address as the href value. If you cannot provide a valid href, but still need the element to resemble a link, use a button and change it with appropriate styles. Learn more: https://github.com/jsx-eslint/eslint-plugin-jsx-a11y/blob/HEAD/docs/rules/anchor-is-valid.md  jsx-a11y/anchor-is-valid
  Line 140:69:  The href attribute requires a valid value to be accessible. Provide a valid, navigable address as the href value. If you cannot provide a valid href, but still need the element to resemble a link, use a button and change it with appropriate styles. Learn more: https://github.com/jsx-eslint/eslint-plugin-jsx-a11y/blob/HEAD/docs/rules/anchor-is-valid.md  jsx-a11y/anchor-is-valid

src\app\pannels\admin\components\admin-dashboard.jsx
  Line 2:8:  'JobZImage' is defined but never used  no-unused-vars

src\app\pannels\admin\components\admin-emp-jobs.jsx
  Line 78:46:   The href attribute requires a valid value to be accessible. Provide a valid, navigable address as the href value. If you cannot provide a valid href, but still need the element to resemble a link, use a button and change it with appropriate styles. Learn more: https://github.com/jsx-eslint/eslint-plugin-jsx-a11y/blob/HEAD/docs/rules/anchor-is-valid.md  jsx-a11y/anchor-is-valid
  Line 78:66:   The href attribute requires a valid value to be accessible. Provide a valid, navigable address as the href value. If you cannot provide a valid href, but still need the element to resemble a link, use a button and change it with appropriate styles. Learn more: https://github.com/jsx-eslint/eslint-plugin-jsx-a11y/blob/HEAD/docs/rules/anchor-is-valid.md  jsx-a11y/anchor-is-valid
  Line 114:65:  The href attribute requires a valid value to be accessible. Provide a valid, navigable address as the href value. If you cannot provide a valid href, but still need the element to resemble a link, use a button and change it with appropriate styles. Learn more: https://github.com/jsx-eslint/eslint-plugin-jsx-a11y/blob/HEAD/docs/rules/anchor-is-valid.md  jsx-a11y/anchor-is-valid

src\app\pannels\admin\components\admin-emp-manage.jsx
  Line 10:10:  'showPopup' is defined but never used                  no-unused-vars
  Line 10:45:  'showWarning' is defined but never used                no-unused-vars
  Line 10:58:  'showInfo' is defined but never used                   no-unused-vars
  Line 17:27:  'setActionLoading' is assigned a value but never used  no-unused-vars

src\app\pannels\admin\components\admin-individual-credit.jsx
  Line 4:10:   'showPopup' is defined but never used               no-unused-vars
  Line 4:58:   'showInfo' is defined but never used                no-unused-vars
  Line 11:24:  'setSearchTerm' is assigned a value but never used  no-unused-vars

src\app\pannels\admin\components\admin-jobs-skills.jsx
  Line 3:10:  'showPopup' is defined but never used      no-unused-vars
  Line 3:21:  'showSuccess' is defined but never used    no-unused-vars
  Line 3:45:  'showWarning' is defined but never used    no-unused-vars
  Line 3:58:  'showInfo' is defined but never used       no-unused-vars
  Line 5:12:  'jobs' is assigned a value but never used  no-unused-vars

src\app\pannels\admin\components\admin-jobs.jsx
  Line 78:46:  The href attribute requires a valid value to be accessible. Provide a valid, navigable address as the href value. If you cannot provide a valid href, but still need the element to resemble a link, use a button and change it with appropriate styles. Learn more: https://github.com/jsx-eslint/eslint-plugin-jsx-a11y/blob/HEAD/docs/rules/anchor-is-valid.md  jsx-a11y/anchor-is-valid
  Line 78:66:  The href attribute requires a valid value to be accessible. Provide a valid, navigable address as the href value. If you cannot provide a valid href, but still need the element to resemble a link, use a button and change it with appropriate styles. Learn more: https://github.com/jsx-eslint/eslint-plugin-jsx-a11y/blob/HEAD/docs/rules/anchor-is-valid.md  jsx-a11y/anchor-is-valid

src\app\pannels\admin\components\admin-placement-manage-tabs.jsx
  Line 6:10:  'showPopup' is defined but never used                                                                               no-unused-vars
  Line 6:45:  'showWarning' is defined but never used                                                                             no-unused-vars
  Line 6:58:  'showInfo' is defined but never used                                                                                no-unused-vars
  Line 16:8:  React Hook useEffect has a missing dependency: 'fetchPlacements'. Either include it or remove the dependency array  react-hooks/exhaustive-deps

src\app\pannels\admin\components\admin-placement-manage.jsx
  Line 8:10:  'showPopup' is defined but never used    no-unused-vars
  Line 8:45:  'showWarning' is defined but never used  no-unused-vars
  Line 8:58:  'showInfo' is defined but never used     no-unused-vars

src\app\pannels\admin\components\admin-sub-admin.jsx
  Line 4:10:    'showPopup' is defined but never used                no-unused-vars
  Line 4:58:    'showInfo' is defined but never used                 no-unused-vars
  Line 25:12:   'isMainAdmin' is assigned a value but never used     no-unused-vars
  Line 25:25:   'setIsMainAdmin' is assigned a value but never used  no-unused-vars
  Line 28:12:   'authChecked' is assigned a value but never used     no-unused-vars
  Line 274:11:  'confirmDelete' is assigned a value but never used   no-unused-vars

src\app\pannels\admin\components\admin-support-tickets.jsx
  Line 2:65:  'Alert' is defined but never used                                                                                       no-unused-vars
  Line 5:10:  'showPopup' is defined but never used                                                                                   no-unused-vars
  Line 5:45:  'showWarning' is defined but never used                                                                                 no-unused-vars
  Line 5:58:  'showInfo' is defined but never used                                                                                    no-unused-vars
  Line 39:8:  React Hook useEffect has a missing dependency: 'fetchSupportTickets'. Either include it or remove the dependency array  react-hooks/exhaustive-deps

src\app\pannels\admin\components\adminEmployerDetails.jsx
  Line 28:8:    React Hook useEffect has missing dependencies: 'fetchEmployerJobs' and 'fetchEmployerProfile'. Either include them or remove the dependency array  react-hooks/exhaustive-deps
  Line 63:11:   'downloadDocument' is assigned a value but never used                                                                                              no-unused-vars
  Line 106:11:  'updateDocumentStatus' is assigned a value but never used                                                                                          no-unused-vars

src\app\pannels\admin\components\placement-details.jsx
  Line 8:58:    'showInfo' is defined but never used                                                                                      no-unused-vars
  Line 23:29:   'setFileStudentData' is assigned a value but never used                                                                   no-unused-vars
  Line 24:29:   'setLoadingFileData' is assigned a value but never used                                                                   no-unused-vars
  Line 41:8:    React Hook useEffect has a missing dependency: 'fetchPlacementDetails'. Either include it or remove the dependency array  react-hooks/exhaustive-deps
  Line 65:11:   'handleDownload' is assigned a value but never used                                                                       no-unused-vars
  Line 121:15:  'displayName' is assigned a value but never used                                                                          no-unused-vars
  Line 159:15:  'displayName' is assigned a value but never used                                                                          no-unused-vars
  Line 188:11:  'handleReject' is assigned a value but never used                                                                         no-unused-vars
  Line 294:15:  'displayName' is assigned a value but never used                                                                          no-unused-vars

src\app\pannels\admin\components\registered-candidates.jsx
  Line 79:11:   'viewCandidateDetails' is assigned a value but never used  no-unused-vars
  Line 191:47:  'shortlistInfo' is assigned a value but never used         no-unused-vars

src\app\pannels\candidate\common\can-header.jsx
  Line 5:10:   'NavLink' is defined but never used                                                                                                                                                                                                                                                                                                                                       no-unused-vars
  Line 6:10:   'canRoute' is defined but never used                                                                                                                                                                                                                                                                                                                                      no-unused-vars
  Line 6:20:   'candidate' is defined but never used                                                                                                                                                                                                                                                                                                                                     no-unused-vars
  Line 48:37:  The href attribute is required for an anchor to be keyboard accessible. Provide a valid, navigable address as the href value. If you cannot provide an href, but still need the element to resemble a link, use a button and change it with appropriate styles. Learn more: https://github.com/jsx-eslint/eslint-plugin-jsx-a11y/blob/HEAD/docs/rules/anchor-is-valid.md  jsx-a11y/anchor-is-valid

src\app\pannels\candidate\common\can-sidebar.jsx
  Line 70:15:  The href attribute requires a valid value to be accessible. Provide a valid, navigable address as the href value. If you cannot provide a valid href, but still need the element to resemble a link, use a button and change it with appropriate styles. Learn more: https://github.com/jsx-eslint/eslint-plugin-jsx-a11y/blob/HEAD/docs/rules/anchor-is-valid.md  jsx-a11y/anchor-is-valid

src\app\pannels\candidate\components\application-status.jsx
  Line 1:10:    'showPopup' is defined but never used                        no-unused-vars
  Line 1:21:    'showSuccess' is defined but never used                      no-unused-vars
  Line 1:58:    'showInfo' is defined but never used                         no-unused-vars
  Line 9:8:     'CanPostedJobs' is defined but never used                    no-unused-vars
  Line 56:9:    'activeTab' is assigned a value but never used               no-unused-vars
  Line 56:20:   'setActiveTab' is assigned a value but never used            no-unused-vars
  Line 272:8:   'handleViewRoundDetails' is assigned a value but never used  no-unused-vars
  Line 731:17:  'assessmentId' is assigned a value but never used            no-unused-vars

src\app\pannels\candidate\components\can-applied-jobs.jsx
  Line 2:10:  'publicUser' is defined but never used  no-unused-vars

src\app\pannels\candidate\components\can-cv-manager.jsx
  Line 54:45:   The href attribute requires a valid value to be accessible. Provide a valid, navigable address as the href value. If you cannot provide a valid href, but still need the element to resemble a link, use a button and change it with appropriate styles. Learn more: https://github.com/jsx-eslint/eslint-plugin-jsx-a11y/blob/HEAD/docs/rules/anchor-is-valid.md  jsx-a11y/anchor-is-valid
  Line 80:45:   The href attribute requires a valid value to be accessible. Provide a valid, navigable address as the href value. If you cannot provide a valid href, but still need the element to resemble a link, use a button and change it with appropriate styles. Learn more: https://github.com/jsx-eslint/eslint-plugin-jsx-a11y/blob/HEAD/docs/rules/anchor-is-valid.md  jsx-a11y/anchor-is-valid
  Line 106:45:  The href attribute requires a valid value to be accessible. Provide a valid, navigable address as the href value. If you cannot provide a valid href, but still need the element to resemble a link, use a button and change it with appropriate styles. Learn more: https://github.com/jsx-eslint/eslint-plugin-jsx-a11y/blob/HEAD/docs/rules/anchor-is-valid.md  jsx-a11y/anchor-is-valid
  Line 132:45:  The href attribute requires a valid value to be accessible. Provide a valid, navigable address as the href value. If you cannot provide a valid href, but still need the element to resemble a link, use a button and change it with appropriate styles. Learn more: https://github.com/jsx-eslint/eslint-plugin-jsx-a11y/blob/HEAD/docs/rules/anchor-is-valid.md  jsx-a11y/anchor-is-valid
  Line 158:45:  The href attribute requires a valid value to be accessible. Provide a valid, navigable address as the href value. If you cannot provide a valid href, but still need the element to resemble a link, use a button and change it with appropriate styles. Learn more: https://github.com/jsx-eslint/eslint-plugin-jsx-a11y/blob/HEAD/docs/rules/anchor-is-valid.md  jsx-a11y/anchor-is-valid

src\app\pannels\candidate\components\can-posted-jobs.jsx
  Line 13:11:  'navigate' is assigned a value but never used                                                                 no-unused-vars
  Line 17:8:   React Hook useEffect has a missing dependency: 'fetchJobs'. Either include it or remove the dependency array  react-hooks/exhaustive-deps

src\app\pannels\candidate\components\can-profile.jsx
  Line 3:10:  'validatePhoneNumber' is defined but never used  no-unused-vars

src\app\pannels\candidate\components\can-resume.jsx
  Line 2:8:    'SectionCanAccomplishments' is defined but never used                                                            no-unused-vars
  Line 4:8:    'SectionCanDesiredProfile' is defined but never used                                                             no-unused-vars
  Line 7:8:    'SectionCanITSkills' is defined but never used                                                                   no-unused-vars
  Line 11:8:   'SectionCanProjects' is defined but never used                                                                   no-unused-vars
  Line 15:10:  'loadScript' is defined but never used                                                                           no-unused-vars
  Line 17:10:  'initializeAllModals' is defined but never used                                                                  no-unused-vars
  Line 33:8:   React Hook useEffect has a missing dependency: 'fetchProfile'. Either include it or remove the dependency array  react-hooks/exhaustive-deps

src\app\pannels\candidate\components\can-saved-jobs.jsx
  Line 36:45:   The href attribute requires a valid value to be accessible. Provide a valid, navigable address as the href value. If you cannot provide a valid href, but still need the element to resemble a link, use a button and change it with appropriate styles. Learn more: https://github.com/jsx-eslint/eslint-plugin-jsx-a11y/blob/HEAD/docs/rules/anchor-is-valid.md  jsx-a11y/anchor-is-valid
  Line 42:37:   The href attribute requires a valid value to be accessible. Provide a valid, navigable address as the href value. If you cannot provide a valid href, but still need the element to resemble a link, use a button and change it with appropriate styles. Learn more: https://github.com/jsx-eslint/eslint-plugin-jsx-a11y/blob/HEAD/docs/rules/anchor-is-valid.md  jsx-a11y/anchor-is-valid
  Line 74:45:   The href attribute requires a valid value to be accessible. Provide a valid, navigable address as the href value. If you cannot provide a valid href, but still need the element to resemble a link, use a button and change it with appropriate styles. Learn more: https://github.com/jsx-eslint/eslint-plugin-jsx-a11y/blob/HEAD/docs/rules/anchor-is-valid.md  jsx-a11y/anchor-is-valid
  Line 80:37:   The href attribute requires a valid value to be accessible. Provide a valid, navigable address as the href value. If you cannot provide a valid href, but still need the element to resemble a link, use a button and change it with appropriate styles. Learn more: https://github.com/jsx-eslint/eslint-plugin-jsx-a11y/blob/HEAD/docs/rules/anchor-is-valid.md  jsx-a11y/anchor-is-valid
  Line 112:45:  The href attribute requires a valid value to be accessible. Provide a valid, navigable address as the href value. If you cannot provide a valid href, but still need the element to resemble a link, use a button and change it with appropriate styles. Learn more: https://github.com/jsx-eslint/eslint-plugin-jsx-a11y/blob/HEAD/docs/rules/anchor-is-valid.md  jsx-a11y/anchor-is-valid
  Line 118:37:  The href attribute requires a valid value to be accessible. Provide a valid, navigable address as the href value. If you cannot provide a valid href, but still need the element to resemble a link, use a button and change it with appropriate styles. Learn more: https://github.com/jsx-eslint/eslint-plugin-jsx-a11y/blob/HEAD/docs/rules/anchor-is-valid.md  jsx-a11y/anchor-is-valid
  Line 150:45:  The href attribute requires a valid value to be accessible. Provide a valid, navigable address as the href value. If you cannot provide a valid href, but still need the element to resemble a link, use a button and change it with appropriate styles. Learn more: https://github.com/jsx-eslint/eslint-plugin-jsx-a11y/blob/HEAD/docs/rules/anchor-is-valid.md  jsx-a11y/anchor-is-valid
  Line 156:37:  The href attribute requires a valid value to be accessible. Provide a valid, navigable address as the href value. If you cannot provide a valid href, but still need the element to resemble a link, use a button and change it with appropriate styles. Learn more: https://github.com/jsx-eslint/eslint-plugin-jsx-a11y/blob/HEAD/docs/rules/anchor-is-valid.md  jsx-a11y/anchor-is-valid
  Line 188:45:  The href attribute requires a valid value to be accessible. Provide a valid, navigable address as the href value. If you cannot provide a valid href, but still need the element to resemble a link, use a button and change it with appropriate styles. Learn more: https://github.com/jsx-eslint/eslint-plugin-jsx-a11y/blob/HEAD/docs/rules/anchor-is-valid.md  jsx-a11y/anchor-is-valid
  Line 194:37:  The href attribute requires a valid value to be accessible. Provide a valid, navigable address as the href value. If you cannot provide a valid href, but still need the element to resemble a link, use a button and change it with appropriate styles. Learn more: https://github.com/jsx-eslint/eslint-plugin-jsx-a11y/blob/HEAD/docs/rules/anchor-is-valid.md  jsx-a11y/anchor-is-valid
  Line 226:45:  The href attribute requires a valid value to be accessible. Provide a valid, navigable address as the href value. If you cannot provide a valid href, but still need the element to resemble a link, use a button and change it with appropriate styles. Learn more: https://github.com/jsx-eslint/eslint-plugin-jsx-a11y/blob/HEAD/docs/rules/anchor-is-valid.md  jsx-a11y/anchor-is-valid
  Line 232:37:  The href attribute requires a valid value to be accessible. Provide a valid, navigable address as the href value. If you cannot provide a valid href, but still need the element to resemble a link, use a button and change it with appropriate styles. Learn more: https://github.com/jsx-eslint/eslint-plugin-jsx-a11y/blob/HEAD/docs/rules/anchor-is-valid.md  jsx-a11y/anchor-is-valid
  Line 264:45:  The href attribute requires a valid value to be accessible. Provide a valid, navigable address as the href value. If you cannot provide a valid href, but still need the element to resemble a link, use a button and change it with appropriate styles. Learn more: https://github.com/jsx-eslint/eslint-plugin-jsx-a11y/blob/HEAD/docs/rules/anchor-is-valid.md  jsx-a11y/anchor-is-valid
  Line 270:37:  The href attribute requires a valid value to be accessible. Provide a valid, navigable address as the href value. If you cannot provide a valid href, but still need the element to resemble a link, use a button and change it with appropriate styles. Learn more: https://github.com/jsx-eslint/eslint-plugin-jsx-a11y/blob/HEAD/docs/rules/anchor-is-valid.md  jsx-a11y/anchor-is-valid

src\app\pannels\candidate\pages\start-tech-assessment.jsx
  Line 46:12:  'startTime' is assigned a value but never used                                                                                                              no-unused-vars
  Line 50:8:   React Hook useEffect has a missing dependency: 'getSessionInfo'. Either include it or remove the dependency array                                           react-hooks/exhaustive-deps
  Line 86:12:  'isTerminated' is assigned a value but never used                                                                                                           no-unused-vars
  Line 94:11:  'focusListener' is assigned a value but never used                                                                                                          no-unused-vars
  Line 126:8:  React Hook useCallback has missing dependencies: 'clearStoredAssessment' and 'removeSecurityListeners'. Either include them or remove the dependency array  react-hooks/exhaustive-deps
  Line 237:5:  React Hook useEffect has missing dependencies: 'clearStoredAssessment' and 'fetchAssessment'. Either include them or remove the dependency array            react-hooks/exhaustive-deps
  Line 266:5:  React Hook useEffect has a missing dependency: 'handleTimeExpired'. Either include it or remove the dependency array                                        react-hooks/exhaustive-deps

src\app\pannels\candidate\sections\chat\section-can-chat-list.jsx
  Line 31:25:   The href attribute requires a valid value to be accessible. Provide a valid, navigable address as the href value. If you cannot provide a valid href, but still need the element to resemble a link, use a button and change it with appropriate styles. Learn more: https://github.com/jsx-eslint/eslint-plugin-jsx-a11y/blob/HEAD/docs/rules/anchor-is-valid.md  jsx-a11y/anchor-is-valid
  Line 41:25:   The href attribute requires a valid value to be accessible. Provide a valid, navigable address as the href value. If you cannot provide a valid href, but still need the element to resemble a link, use a button and change it with appropriate styles. Learn more: https://github.com/jsx-eslint/eslint-plugin-jsx-a11y/blob/HEAD/docs/rules/anchor-is-valid.md  jsx-a11y/anchor-is-valid
  Line 51:25:   The href attribute requires a valid value to be accessible. Provide a valid, navigable address as the href value. If you cannot provide a valid href, but still need the element to resemble a link, use a button and change it with appropriate styles. Learn more: https://github.com/jsx-eslint/eslint-plugin-jsx-a11y/blob/HEAD/docs/rules/anchor-is-valid.md  jsx-a11y/anchor-is-valid
  Line 61:25:   The href attribute requires a valid value to be accessible. Provide a valid, navigable address as the href value. If you cannot provide a valid href, but still need the element to resemble a link, use a button and change it with appropriate styles. Learn more: https://github.com/jsx-eslint/eslint-plugin-jsx-a11y/blob/HEAD/docs/rules/anchor-is-valid.md  jsx-a11y/anchor-is-valid
  Line 71:25:   The href attribute requires a valid value to be accessible. Provide a valid, navigable address as the href value. If you cannot provide a valid href, but still need the element to resemble a link, use a button and change it with appropriate styles. Learn more: https://github.com/jsx-eslint/eslint-plugin-jsx-a11y/blob/HEAD/docs/rules/anchor-is-valid.md  jsx-a11y/anchor-is-valid
  Line 81:25:   The href attribute requires a valid value to be accessible. Provide a valid, navigable address as the href value. If you cannot provide a valid href, but still need the element to resemble a link, use a button and change it with appropriate styles. Learn more: https://github.com/jsx-eslint/eslint-plugin-jsx-a11y/blob/HEAD/docs/rules/anchor-is-valid.md  jsx-a11y/anchor-is-valid
  Line 91:25:   The href attribute requires a valid value to be accessible. Provide a valid, navigable address as the href value. If you cannot provide a valid href, but still need the element to resemble a link, use a button and change it with appropriate styles. Learn more: https://github.com/jsx-eslint/eslint-plugin-jsx-a11y/blob/HEAD/docs/rules/anchor-is-valid.md  jsx-a11y/anchor-is-valid
  Line 101:25:  The href attribute requires a valid value to be accessible. Provide a valid, navigable address as the href value. If you cannot provide a valid href, but still need the element to resemble a link, use a button and change it with appropriate styles. Learn more: https://github.com/jsx-eslint/eslint-plugin-jsx-a11y/blob/HEAD/docs/rules/anchor-is-valid.md  jsx-a11y/anchor-is-valid
  Line 111:25:  The href attribute requires a valid value to be accessible. Provide a valid, navigable address as the href value. If you cannot provide a valid href, but still need the element to resemble a link, use a button and change it with appropriate styles. Learn more: https://github.com/jsx-eslint/eslint-plugin-jsx-a11y/blob/HEAD/docs/rules/anchor-is-valid.md  jsx-a11y/anchor-is-valid
  Line 121:25:  The href attribute requires a valid value to be accessible. Provide a valid, navigable address as the href value. If you cannot provide a valid href, but still need the element to resemble a link, use a button and change it with appropriate styles. Learn more: https://github.com/jsx-eslint/eslint-plugin-jsx-a11y/blob/HEAD/docs/rules/anchor-is-valid.md  jsx-a11y/anchor-is-valid

src\app\pannels\candidate\sections\chat\section-can-chat.jsx
  Line 12:21:  The href attribute requires a valid value to be accessible. Provide a valid, navigable address as the href value. If you cannot provide a valid href, but still need the element to resemble a link, use a button and change it with appropriate styles. Learn more: https://github.com/jsx-eslint/eslint-plugin-jsx-a11y/blob/HEAD/docs/rules/anchor-is-valid.md  jsx-a11y/anchor-is-valid

src\app\pannels\candidate\sections\dashboard\section-can-overview.jsx
  Line 210:9:  'notifications' is assigned a value but never used  no-unused-vars

src\app\pannels\candidate\sections\dashboard\section-notifications.jsx
  Line 86:261:  Duplicate key 'height'  no-dupe-keys

src\app\pannels\candidate\sections\dashboard\section-recommended-jobs.jsx
  Line 2:32:  'DollarSign' is defined but never used  no-unused-vars

src\app\pannels\candidate\sections\profile\section-can-basic-info.jsx
  Line 5:10:    'showPopup' is defined but never used                     no-unused-vars
  Line 5:34:    'showError' is defined but never used                     no-unused-vars
  Line 5:45:    'showWarning' is defined but never used                   no-unused-vars
  Line 5:58:    'showInfo' is defined but never used                      no-unused-vars
  Line 45:12:   'locationSearch' is assigned a value but never used       no-unused-vars
  Line 46:12:   'phonePaddingLeft' is assigned a value but never used     no-unused-vars
  Line 46:30:   'setPhonePaddingLeft' is assigned a value but never used  no-unused-vars
  Line 144:9:   Expected a default case                                   default-case
  Line 525:37:  No duplicate props allowed                                react/jsx-no-duplicate-props

src\app\pannels\candidate\sections\resume\section-can-attachment.jsx
  Line 3:58:  'showInfo' is defined but never used  no-unused-vars

src\app\pannels\candidate\sections\resume\section-can-education.jsx
  Line 1:31:    'useRef' is defined but never used                    no-unused-vars
  Line 3:58:    'showInfo' is defined but never used                  no-unused-vars
  Line 611:11:  'addNewRow' is assigned a value but never used        no-unused-vars
  Line 645:11:  'removeRow' is assigned a value but never used        no-unused-vars
  Line 652:11:  'toggleEdit' is assigned a value but never used       no-unused-vars
  Line 678:11:  'uploadMarksheet' is assigned a value but never used  no-unused-vars
  Line 896:11:  'handleSave' is assigned a value but never used       no-unused-vars
  Line 907:19:  'token' is assigned a value but never used            no-unused-vars

src\app\pannels\candidate\sections\resume\section-can-employment.jsx
  Line 4:45:   'showWarning' is defined but never used  no-unused-vars
  Line 4:58:   'showInfo' is defined but never used     no-unused-vars
  Line 86:34:  Unnecessary escape character: \.         no-useless-escape

src\app\pannels\candidate\sections\resume\section-can-keyskills.jsx
  Line 3:10:  'showPopup' is defined but never used    no-unused-vars
  Line 3:45:  'showWarning' is defined but never used  no-unused-vars
  Line 3:58:  'showInfo' is defined but never used     no-unused-vars

src\app\pannels\candidate\sections\resume\section-can-personal.jsx
  Line 3:10:  'showPopup' is defined but never used    no-unused-vars
  Line 3:45:  'showWarning' is defined but never used  no-unused-vars
  Line 3:58:  'showInfo' is defined but never used     no-unused-vars
  Line 91:9:  Expected a default case                  default-case

src\app\pannels\candidate\sections\resume\section-can-profile-summary.jsx
  Line 2:10:  'api' is defined but never used        no-unused-vars
  Line 3:10:  'showPopup' is defined but never used  no-unused-vars
  Line 3:58:  'showInfo' is defined but never used   no-unused-vars

src\app\pannels\candidate\sections\resume\section-can-resume-headline.jsx
  Line 2:10:  'api' is defined but never used          no-unused-vars
  Line 3:10:  'showPopup' is defined but never used    no-unused-vars
  Line 3:45:  'showWarning' is defined but never used  no-unused-vars
  Line 3:58:  'showInfo' is defined but never used     no-unused-vars

src\app\pannels\employer\common\emp-header.jsx
  Line 3:10:   'NavLink' is defined but never used                                                                                                                                                                                                                                                                                                                                       no-unused-vars
  Line 4:10:   'empRoute' is defined but never used                                                                                                                                                                                                                                                                                                                                      no-unused-vars
  Line 4:20:   'employer' is defined but never used                                                                                                                                                                                                                                                                                                                                      no-unused-vars
  Line 49:33:  The href attribute is required for an anchor to be keyboard accessible. Provide a valid, navigable address as the href value. If you cannot provide an href, but still need the element to resemble a link, use a button and change it with appropriate styles. Learn more: https://github.com/jsx-eslint/eslint-plugin-jsx-a11y/blob/HEAD/docs/rules/anchor-is-valid.md  jsx-a11y/anchor-is-valid

src\app\pannels\employer\common\emp-sidebar.jsx
  Line 79:29:  The href attribute requires a valid value to be accessible. Provide a valid, navigable address as the href value. If you cannot provide a valid href, but still need the element to resemble a link, use a button and change it with appropriate styles. Learn more: https://github.com/jsx-eslint/eslint-plugin-jsx-a11y/blob/HEAD/docs/rules/anchor-is-valid.md  jsx-a11y/anchor-is-valid

src\app\pannels\employer\components\InterviewProcessManager.jsx
  Line 2:47:  'Edit3' is defined but never used                                                                                         no-unused-vars
  Line 4:10:  'showPopup' is defined but never used                                                                                     no-unused-vars
  Line 4:45:  'showWarning' is defined but never used                                                                                   no-unused-vars
  Line 4:58:  'showInfo' is defined but never used                                                                                      no-unused-vars
  Line 33:6:  React Hook useEffect has a missing dependency: 'fetchInterviewProcess'. Either include it or remove the dependency array  react-hooks/exhaustive-deps

src\app\pannels\employer\components\assessments\CreateassessmentModal.jsx
  Line 7:10:  'showPopup' is defined but never used    no-unused-vars
  Line 7:21:  'showSuccess' is defined but never used  no-unused-vars
  Line 7:34:  'showError' is defined but never used    no-unused-vars
  Line 7:58:  'showInfo' is defined but never used     no-unused-vars

src\app\pannels\employer\components\emp-candidate-review.jsx
  Line 10:10:   'showPopup' is defined but never used                                                                                       no-unused-vars
  Line 10:45:   'showWarning' is defined but never used                                                                                     no-unused-vars
  Line 10:58:   'showInfo' is defined but never used                                                                                        no-unused-vars
  Line 24:5:    React Hook useEffect has a missing dependency: 'fetchApplicationDetails'. Either include it or remove the dependency array  react-hooks/exhaustive-deps
  Line 150:11:  'result' is assigned a value but never used                                                                                 no-unused-vars

src\app\pannels\employer\components\emp-candidates.jsx
  Line 5:33:   'Eye' is defined but never used                                                                                       no-unused-vars
  Line 14:10:  'companies' is assigned a value but never used                                                                        no-unused-vars
  Line 15:27:  'setSelectedCompany' is assigned a value but never used                                                               no-unused-vars
  Line 25:6:   React Hook useEffect has a missing dependency: 'fetchApplications'. Either include it or remove the dependency array  react-hooks/exhaustive-deps
  Line 41:6:   React Hook useEffect has a missing dependency: 'fetchApplications'. Either include it or remove the dependency array  react-hooks/exhaustive-deps

src\app\pannels\employer\components\emp-dashboard.jsx
  Line 24:12:  'recentActivity' is assigned a value but never used  no-unused-vars

src\app\pannels\employer\components\emp-job-review.jsx
  Line 3:8:   'JobZImage' is defined but never used                                                                               no-unused-vars
  Line 17:8:  React Hook useEffect has a missing dependency: 'fetchJobDetails'. Either include it or remove the dependency array  react-hooks/exhaustive-deps

src\app\pannels\employer\components\emp-resume-alerts.jsx
  Line 6:46:  The href attribute requires a valid value to be accessible. Provide a valid, navigable address as the href value. If you cannot provide a valid href, but still need the element to resemble a link, use a button and change it with appropriate styles. Learn more: https://github.com/jsx-eslint/eslint-plugin-jsx-a11y/blob/HEAD/docs/rules/anchor-is-valid.md  jsx-a11y/anchor-is-valid
  Line 6:66:  The href attribute requires a valid value to be accessible. Provide a valid, navigable address as the href value. If you cannot provide a valid href, but still need the element to resemble a link, use a button and change it with appropriate styles. Learn more: https://github.com/jsx-eslint/eslint-plugin-jsx-a11y/blob/HEAD/docs/rules/anchor-is-valid.md  jsx-a11y/anchor-is-valid

src\app\pannels\employer\components\jobs\emp-post-job.jsx
  Line 1:10:   'showPopup' is defined but never used                                                                                                                 no-unused-vars
  Line 1:58:   'showInfo' is defined but never used                                                                                                                  no-unused-vars
  Line 4:30:   'publicUser' is defined but never used                                                                                                                no-unused-vars
  Line 7:10:   'api' is defined but never used                                                                                                                       no-unused-vars
  Line 9:24:   'GlobalErrorDisplay' is defined but never used                                                                                                        no-unused-vars
  Line 10:10:  'validateField' is defined but never used                                                                                                             no-unused-vars
  Line 77:9:   'logoFile' is assigned a value but never used                                                                                                         no-unused-vars
  Line 159:5:  React Hook useEffect has missing dependencies: 'fetchEmployerType', 'fetchJobData', and 'update'. Either include them or remove the dependency array  react-hooks/exhaustive-deps
  Line 706:8:  'inputFocus' is assigned a value but never used                                                                                                       no-unused-vars
  Line 710:8:  'smallInput' is assigned a value but never used                                                                                                       no-unused-vars

src\app\pannels\employer\components\jobs\emp-posted-jobs.jsx
  Line 1:10:    'showPopup' is defined but never used                                                                         no-unused-vars
  Line 1:45:    'showWarning' is defined but never used                                                                       no-unused-vars
  Line 1:58:    'showInfo' is defined but never used                                                                          no-unused-vars
  Line 2:31:    'Edit' is defined but never used                                                                              no-unused-vars
  Line 2:37:    'Eye' is defined but never used                                                                               no-unused-vars
  Line 2:50:    'Pause' is defined but never used                                                                             no-unused-vars
  Line 2:57:    'Play' is defined but never used                                                                              no-unused-vars
  Line 2:63:    'Search' is defined but never used                                                                            no-unused-vars
  Line 15:12:   'employerType' is assigned a value but never used                                                             no-unused-vars
  Line 23:8:    React Hook useEffect has a missing dependency: 'fetchJobs'. Either include it or remove the dependency array  react-hooks/exhaustive-deps
  Line 128:11:  'handleDelete' is assigned a value but never used                                                             no-unused-vars
  Line 150:11:  'handleStatusToggle' is assigned a value but never used                                                       no-unused-vars

src\app\pannels\employer\components\pages\AssessmentDashboard.jsx
  Line 7:10:  'showPopup' is defined but never used    no-unused-vars
  Line 7:45:  'showWarning' is defined but never used  no-unused-vars
  Line 7:58:  'showInfo' is defined but never used     no-unused-vars

src\app\pannels\employer\components\pages\AssessmentResults.jsx
  Line 24:6:  React Hook useEffect has a missing dependency: 'fetchResults'. Either include it or remove the dependency array  react-hooks/exhaustive-deps

src\app\pannels\placement\placement-dashboard.jsx
  Line 8:58:    'showInfo' is defined but never used                                                                                      no-unused-vars
  Line 14:12:   'profileLoaded' is assigned a value but never used                                                                        no-unused-vars
  Line 18:12:   'processingFiles' is assigned a value but never used                                                                      no-unused-vars
  Line 20:29:   'setSelectedStudent' is assigned a value but never used                                                                   no-unused-vars
  Line 76:8:    React Hook useEffect has a missing dependency: 'fetchPlacementDetails'. Either include it or remove the dependency array  react-hooks/exhaustive-deps
  Line 173:11:  'handleFileApprove' is assigned a value but never used                                                                    no-unused-vars
  Line 204:11:  'handleFileReject' is assigned a value but never used                                                                     no-unused-vars

src\app\pannels\public-user\components\blogs\blog-detail.jsx
  Line 92:53:   Anchors must have content and the content must be accessible by a screen reader                                                                                                                                                                                                                                                                                    jsx-a11y/anchor-has-content
  Line 93:53:   Anchors must have content and the content must be accessible by a screen reader                                                                                                                                                                                                                                                                                    jsx-a11y/anchor-has-content
  Line 94:53:   Anchors must have content and the content must be accessible by a screen reader                                                                                                                                                                                                                                                                                    jsx-a11y/anchor-has-content
  Line 95:53:   Anchors must have content and the content must be accessible by a screen reader                                                                                                                                                                                                                                                                                    jsx-a11y/anchor-has-content
  Line 137:69:  The href attribute requires a valid value to be accessible. Provide a valid, navigable address as the href value. If you cannot provide a valid href, but still need the element to resemble a link, use a button and change it with appropriate styles. Learn more: https://github.com/jsx-eslint/eslint-plugin-jsx-a11y/blob/HEAD/docs/rules/anchor-is-valid.md  jsx-a11y/anchor-is-valid
  Line 157:69:  The href attribute requires a valid value to be accessible. Provide a valid, navigable address as the href value. If you cannot provide a valid href, but still need the element to resemble a link, use a button and change it with appropriate styles. Learn more: https://github.com/jsx-eslint/eslint-plugin-jsx-a11y/blob/HEAD/docs/rules/anchor-is-valid.md  jsx-a11y/anchor-is-valid
  Line 178:61:  The href attribute requires a valid value to be accessible. Provide a valid, navigable address as the href value. If you cannot provide a valid href, but still need the element to resemble a link, use a button and change it with appropriate styles. Learn more: https://github.com/jsx-eslint/eslint-plugin-jsx-a11y/blob/HEAD/docs/rules/anchor-is-valid.md  jsx-a11y/anchor-is-valid

src\app\pannels\public-user\components\employers\emp-detail1.jsx
  Line 4:8:    'SectionOfficePhotos1' is defined but never used                                                                                                                        no-unused-vars
  Line 5:8:    'SectionOfficeVideo1' is defined but never used                                                                                                                         no-unused-vars
  Line 14:10:  'showPopup' is defined but never used                                                                                                                                   no-unused-vars
  Line 14:45:  'showWarning' is defined but never used                                                                                                                                 no-unused-vars
  Line 14:58:  'showInfo' is defined but never used                                                                                                                                    no-unused-vars
  Line 19:12:  'reviews' is assigned a value but never used                                                                                                                            no-unused-vars
  Line 20:12:  'reviewStats' is assigned a value but never used                                                                                                                        no-unused-vars
  Line 44:8:   React Hook useEffect has missing dependencies: 'fetchEmployerDetails', 'fetchReviews', and 'fetchSubmittedReviews'. Either include them or remove the dependency array  react-hooks/exhaustive-deps

src\app\pannels\public-user\components\employers\emp-grid.jsx
  Line 3:10:    'NavLink' is defined but never used                                                                                                                                                                                                     no-unused-vars
  Line 4:8:     'JobZImage' is defined but never used                                                                                                                                                                                                   no-unused-vars
  Line 169:12:  React Hook useCallback has an unnecessary dependency: 'navigate'. Either exclude it or remove the dependency array. Outer scope values like 'navigate' aren't valid dependencies because mutating them doesn't re-render the component  react-hooks/exhaustive-deps

src\app\pannels\public-user\components\home\index16.jsx
  Line 1:8:     'JobZImage' is defined but never used                      no-unused-vars
  Line 3:10:    'publicUser' is defined but never used                     no-unused-vars
  Line 4:8:     'CountUp' is defined but never used                        no-unused-vars
  Line 10:8:    'HomeJobCard' is defined but never used                    no-unused-vars
  Line 12:10:   'SkeletonContainer' is defined but never used              no-unused-vars
  Line 12:29:   'JobCardSkeleton' is defined but never used                no-unused-vars
  Line 12:46:   'StatsSkeleton' is defined but never used                  no-unused-vars
  Line 12:61:   'RecruiterSkeleton' is defined but never used              no-unused-vars
  Line 24:10:   'showPopup' is defined but never used                      no-unused-vars
  Line 29:12:   'stats' is assigned a value but never used                 no-unused-vars
  Line 36:25:   'setSearchValue' is assigned a value but never used        no-unused-vars
  Line 37:12:   'isSearching' is assigned a value but never used           no-unused-vars
  Line 37:25:   'setIsSearching' is assigned a value but never used        no-unused-vars
  Line 38:11:   'debouncedSearchValue' is assigned a value but never used  no-unused-vars
  Line 39:11:   'dataLoadErrorRef' is assigned a value but never used      no-unused-vars
  Line 40:12:   'dataLoadError' is assigned a value but never used         no-unused-vars
  Line 340:11:  'handleShowMore' is assigned a value but never used        no-unused-vars

src\app\pannels\public-user\components\jobs\job-detail1.jsx
  Line 11:10:  'showPopup' is defined but never used                                                                                    no-unused-vars
  Line 20:12:  'candidateId' is assigned a value but never used                                                                         no-unused-vars
  Line 22:12:  'candidateCredits' is assigned a value but never used                                                                    no-unused-vars
  Line 30:13:  'limitReached' is assigned a value but never used                                                                        no-unused-vars
  Line 91:8:   React Hook useEffect has a missing dependency: 'authState.isLoggedIn'. Either include it or remove the dependency array  react-hooks/exhaustive-deps

src\app\pannels\public-user\components\pages\coming-soon.jsx
  Line 27:37:  Anchors must have content and the content must be accessible by a screen reader  jsx-a11y/anchor-has-content
  Line 28:37:  Anchors must have content and the content must be accessible by a screen reader  jsx-a11y/anchor-has-content
  Line 29:37:  Anchors must have content and the content must be accessible by a screen reader  jsx-a11y/anchor-has-content
  Line 30:37:  Anchors must have content and the content must be accessible by a screen reader  jsx-a11y/anchor-has-content

src\app\pannels\public-user\components\pages\contact-us.jsx
  Line 3:8:  'CountryCodeSelector' is defined but never used  no-unused-vars

src\app\pannels\public-user\components\pages\login.jsx
  Line 3:10:   'canRoute' is defined but never used             no-unused-vars
  Line 3:20:   'candidate' is defined but never used            no-unused-vars
  Line 3:31:   'empRoute' is defined but never used             no-unused-vars
  Line 3:41:   'employer' is defined but never used             no-unused-vars
  Line 6:22:   'publicUrlFor' is defined but never used         no-unused-vars
  Line 7:10:   'handleFacebookLogin' is defined but never used  no-unused-vars
  Line 7:31:   'handleGoogleLogin' is defined but never used    no-unused-vars
  Line 25:11:  'from' is assigned a value but never used        no-unused-vars

src\app\pannels\public-user\components\pages\under-maintenance.jsx
  Line 23:37:  Anchors must have content and the content must be accessible by a screen reader  jsx-a11y/anchor-has-content
  Line 24:37:  Anchors must have content and the content must be accessible by a screen reader  jsx-a11y/anchor-has-content
  Line 25:37:  Anchors must have content and the content must be accessible by a screen reader  jsx-a11y/anchor-has-content
  Line 26:37:  Anchors must have content and the content must be accessible by a screen reader  jsx-a11y/anchor-has-content

src\app\pannels\public-user\sections\candidates\detail1\section-can-short-intro1.jsx
  Line 22:25:  The href attribute requires a valid value to be accessible. Provide a valid, navigable address as the href value. If you cannot provide a valid href, but still need the element to resemble a link, use a button and change it with appropriate styles. Learn more: https://github.com/jsx-eslint/eslint-plugin-jsx-a11y/blob/HEAD/docs/rules/anchor-is-valid.md  jsx-a11y/anchor-is-valid
  Line 23:25:  The href attribute requires a valid value to be accessible. Provide a valid, navigable address as the href value. If you cannot provide a valid href, but still need the element to resemble a link, use a button and change it with appropriate styles. Learn more: https://github.com/jsx-eslint/eslint-plugin-jsx-a11y/blob/HEAD/docs/rules/anchor-is-valid.md  jsx-a11y/anchor-is-valid

src\app\pannels\public-user\sections\candidates\section-can-skills.jsx
  Line 7:21:   The href attribute requires a valid value to be accessible. Provide a valid, navigable address as the href value. If you cannot provide a valid href, but still need the element to resemble a link, use a button and change it with appropriate styles. Learn more: https://github.com/jsx-eslint/eslint-plugin-jsx-a11y/blob/HEAD/docs/rules/anchor-is-valid.md  jsx-a11y/anchor-is-valid
  Line 8:21:   The href attribute requires a valid value to be accessible. Provide a valid, navigable address as the href value. If you cannot provide a valid href, but still need the element to resemble a link, use a button and change it with appropriate styles. Learn more: https://github.com/jsx-eslint/eslint-plugin-jsx-a11y/blob/HEAD/docs/rules/anchor-is-valid.md  jsx-a11y/anchor-is-valid
  Line 9:21:   The href attribute requires a valid value to be accessible. Provide a valid, navigable address as the href value. If you cannot provide a valid href, but still need the element to resemble a link, use a button and change it with appropriate styles. Learn more: https://github.com/jsx-eslint/eslint-plugin-jsx-a11y/blob/HEAD/docs/rules/anchor-is-valid.md  jsx-a11y/anchor-is-valid
  Line 10:21:  The href attribute requires a valid value to be accessible. Provide a valid, navigable address as the href value. If you cannot provide a valid href, but still need the element to resemble a link, use a button and change it with appropriate styles. Learn more: https://github.com/jsx-eslint/eslint-plugin-jsx-a11y/blob/HEAD/docs/rules/anchor-is-valid.md  jsx-a11y/anchor-is-valid
  Line 11:21:  The href attribute requires a valid value to be accessible. Provide a valid, navigable address as the href value. If you cannot provide a valid href, but still need the element to resemble a link, use a button and change it with appropriate styles. Learn more: https://github.com/jsx-eslint/eslint-plugin-jsx-a11y/blob/HEAD/docs/rules/anchor-is-valid.md  jsx-a11y/anchor-is-valid
  Line 12:21:  The href attribute requires a valid value to be accessible. Provide a valid, navigable address as the href value. If you cannot provide a valid href, but still need the element to resemble a link, use a button and change it with appropriate styles. Learn more: https://github.com/jsx-eslint/eslint-plugin-jsx-a11y/blob/HEAD/docs/rules/anchor-is-valid.md  jsx-a11y/anchor-is-valid
  Line 13:21:  The href attribute requires a valid value to be accessible. Provide a valid, navigable address as the href value. If you cannot provide a valid href, but still need the element to resemble a link, use a button and change it with appropriate styles. Learn more: https://github.com/jsx-eslint/eslint-plugin-jsx-a11y/blob/HEAD/docs/rules/anchor-is-valid.md  jsx-a11y/anchor-is-valid
  Line 14:21:  The href attribute requires a valid value to be accessible. Provide a valid, navigable address as the href value. If you cannot provide a valid href, but still need the element to resemble a link, use a button and change it with appropriate styles. Learn more: https://github.com/jsx-eslint/eslint-plugin-jsx-a11y/blob/HEAD/docs/rules/anchor-is-valid.md  jsx-a11y/anchor-is-valid
  Line 15:21:  The href attribute requires a valid value to be accessible. Provide a valid, navigable address as the href value. If you cannot provide a valid href, but still need the element to resemble a link, use a button and change it with appropriate styles. Learn more: https://github.com/jsx-eslint/eslint-plugin-jsx-a11y/blob/HEAD/docs/rules/anchor-is-valid.md  jsx-a11y/anchor-is-valid
  Line 16:21:  The href attribute requires a valid value to be accessible. Provide a valid, navigable address as the href value. If you cannot provide a valid href, but still need the element to resemble a link, use a button and change it with appropriate styles. Learn more: https://github.com/jsx-eslint/eslint-plugin-jsx-a11y/blob/HEAD/docs/rules/anchor-is-valid.md  jsx-a11y/anchor-is-valid

src\app\pannels\public-user\sections\common\section-emp-can-sidebar.jsx
  Line 1:8:  'SectionContact' is defined but never used  no-unused-vars

src\app\pannels\public-user\sections\common\section-location.jsx
  Line 28:21:  <iframe> elements must have a unique title property  jsx-a11y/iframe-has-title

src\app\pannels\public-user\sections\common\section-records-filter.jsx
  Line 9:11:  'handleItemsPerPageChange' is assigned a value but never used  no-unused-vars

src\app\pannels\public-user\sections\employers\detail\section-available-jobs-list.jsx
  Line 3:10:  'NavLink' is defined but never used                                                                                   no-unused-vars
  Line 5:10:  'publicUser' is defined but never used                                                                                no-unused-vars
  Line 15:5:  React Hook useEffect has a missing dependency: 'fetchEmployerJobs'. Either include it or remove the dependency array  react-hooks/exhaustive-deps

src\app\pannels\public-user\sections\jobs\detail\section-job-location.jsx
  Line 8:21:  <iframe> elements must have a unique title property  jsx-a11y/iframe-has-title

src\app\pannels\public-user\sections\jobs\section-jobs-grid.jsx
  Line 3:10:    'NavLink' is defined but never used                                                                                                                                                                                                                            no-unused-vars
  Line 4:10:    'publicUser' is defined but never used                                                                                                                                                                                                                         no-unused-vars
  Line 5:8:     'JobZImage' is defined but never used                                                                                                                                                                                                                          no-unused-vars
  Line 7:10:    'requestCache' is defined but never used                                                                                                                                                                                                                       no-unused-vars
  Line 178:48:  The ref value 'cardRef.current' will likely have changed by the time this effect cleanup function runs. If this ref points to a node rendered by React, copy 'cardRef.current' to a variable inside the effect, and use that variable in the cleanup function  react-hooks/exhaustive-deps
  Line 185:12:  React Hook useCallback has an unnecessary dependency: 'navigate'. Either exclude it or remove the dependency array. Outer scope values like 'navigate' aren't valid dependencies because mutating them doesn't re-render the component                         react-hooks/exhaustive-deps
  Line 187:15:  'jobTypeClass' is assigned a value but never used                                                                                                                                                                                                              no-unused-vars
  Line 197:15:  'ctcDisplay' is assigned a value but never used                                                                                                                                                                                                                no-unused-vars

src\app\pannels\public-user\sections\jobs\sidebar\section-jobs-sidebar1.jsx
  Line 2:10:  'NavLink' is defined but never used            no-unused-vars
  Line 3:10:  'publicUser' is defined but never used         no-unused-vars
  Line 4:8:   'SectionSideAdvert' is defined but never used  no-unused-vars

src\app\pannels\public-user\sections\jobs\sidebar\section-jobs-sidebar2.jsx
  Line 2:10:  'NavLink' is defined but never used            no-unused-vars
  Line 3:10:  'publicUser' is defined but never used         no-unused-vars
  Line 4:8:   'SectionSideAdvert' is defined but never used  no-unused-vars
  Line 5:8:   'JobZImage' is defined but never used          no-unused-vars

src\components\HeroBody.jsx
  Line 1:27:  'useEffect' is defined but never used  no-unused-vars

src\components\HolidayIndicator.jsx
  Line 12:6:  React Hook useEffect has a missing dependency: 'checkHoliday'. Either include it or remove the dependency array  react-hooks/exhaustive-deps

src\components\NotificationBell.jsx
  Line 58:6:    React Hook useEffect has a missing dependency: 'fetchNotifications'. Either include it or remove the dependency array  react-hooks/exhaustive-deps
  Line 297:25:  Duplicate key 'height'                                                                                                 no-dupe-keys

src\components\SearchBar.jsx
  Line 13:11:  'clearSearch' is assigned a value but never used  no-unused-vars

src\components\SkeletonLoader.jsx
  Line 109:1:  Assign object to a variable before exporting as module default  import/no-anonymous-default-export

src\globals\layout-config.jsx
  Line 19:9:  Expected a 'break' statement before 'case'  no-fallthrough

src\layouts\placement-layout.jsx
  Line 1:10:  'useLocation' is defined but never used  no-unused-vars

src\routing\admin-routes.jsx
  Line 4:8:   'ProtectedRoute' is defined but never used                    no-unused-vars
  Line 16:8:  'AdminPlacementOfficersAllRequest' is defined but never used  no-unused-vars

src\utils\errorHandler.js
  Line 1:10:    'showPopup' is defined but never used                           no-unused-vars
  Line 1:21:    'showSuccess' is defined but never used                         no-unused-vars
  Line 1:58:    'showInfo' is defined but never used                            no-unused-vars
  Line 146:5:   'duration' is assigned a value but never used                   no-unused-vars
  Line 293:45:  Unnecessary escape character: \(                                no-useless-escape
  Line 293:47:  Unnecessary escape character: \)                                no-useless-escape
  Line 385:1:   Assign object to a variable before exporting as module default  import/no-anonymous-default-export

src\utils\forceLightMode.js
  Line 55:11:  'bodyStyle' is assigned a value but never used  no-unused-vars

src\utils\phoneValidation.js
  Line 11:49:  Unnecessary escape character: \(  no-useless-escape
  Line 11:51:  Unnecessary escape character: \)  no-useless-escape
  Line 11:53:  Unnecessary escape character: \+  no-useless-escape
  Line 27:49:  Unnecessary escape character: \(  no-useless-escape
  Line 27:51:  Unnecessary escape character: \)  no-useless-escape
  Line 27:53:  Unnecessary escape character: \+  no-useless-escape
  Line 36:49:  Unnecessary escape character: \(  no-useless-escape
  Line 36:51:  Unnecessary escape character: \)  no-useless-escape
  Line 36:53:  Unnecessary escape character: \+  no-useless-escape

Search for the keywords to learn more about each warning.
To ignore, add // eslint-disable-next-line to the line before.

File sizes after gzip:

  404.49 kB  build\static\js\main.68abc078.js
  46.86 kB   build\static\css\main.6e9626a0.css
  14.36 kB   build\static\js\959.948bcda3.chunk.js
  12.67 kB   build\static\css\434.39c33715.chunk.css
  11.85 kB   build\static\js\434.4f89ea1d.chunk.js
  8.8 kB     build\static\js\808.e44fa4c3.chunk.js
  8.7 kB     build\static\js\604.a9d181d3.chunk.js
  5.94 kB    build\static\js\739.eabd8a84.chunk.js
  5.41 kB    build\static\js\863.94c0f6d5.chunk.js
  5.4 kB     build\static\js\389.b170279c.chunk.js
  4.94 kB    build\static\js\767.3d8a4503.chunk.js
  4.86 kB    build\static\js\1.2995ace1.chunk.js
  3.58 kB    build\static\js\904.9c8fed0f.chunk.js
  3.53 kB    build\static\js\987.48c290eb.chunk.js
  3.24 kB    build\static\js\515.e727ee3b.chunk.js
  3.07 kB    build\static\js\566.0f127cd7.chunk.js
  3.03 kB    build\static\js\760.09bdf92a.chunk.js
  3.02 kB    build\static\js\2.b72bfc91.chunk.js
  2.83 kB    build\static\css\739.da91638a.chunk.css
  2.79 kB    build\static\css\863.db536861.chunk.css
  2.7 kB     build\static\css\767.52177a3b.chunk.css
  2.61 kB    build\static\js\258.7deed6f5.chunk.js
  2.47 kB    build\static\js\120.3ae2203c.chunk.js
  2.44 kB    build\static\css\630.42c291a5.chunk.css
  2.19 kB    build\static\js\623.1f6100b2.chunk.js
  2.13 kB    build\static\js\587.ab340cdb.chunk.js
  2.09 kB    build\static\js\997.ecd1a38b.chunk.js
  1.97 kB    build\static\js\497.67c10d2b.chunk.js
  1.92 kB    build\static\js\433.b5dc5fa7.chunk.js
  1.67 kB    build\static\js\279.8d37e637.chunk.js
  1.62 kB    build\static\js\489.b0878f81.chunk.js
  1.52 kB    build\static\js\168.036f5152.chunk.js
  1.51 kB    build\static\js\329.4f9878bb.chunk.js
  1.48 kB    build\static\js\610.9e4ff707.chunk.js
  1.34 kB    build\static\js\294.d33a4713.chunk.js
  1.31 kB    build\static\css\120.08ae7027.chunk.css
  1.24 kB    build\static\js\164.2f80266b.chunk.js
  1.15 kB    build\static\js\390.6c22830b.chunk.js
  1.14 kB    build\static\js\414.c3255433.chunk.js
  1.1 kB     build\static\js\940.d157ed44.chunk.js
  1.09 kB    build\static\js\440.896e8b70.chunk.js
  1.05 kB    build\static\js\20.4ae3fbbe.chunk.js
  1.04 kB    build\static\css\2.91c061f0.chunk.css
  1.04 kB    build\static\js\874.22e82815.chunk.js
  961 B      build\static\js\213.add8cc18.chunk.js
  938 B      build\static\css\390.42925a7d.chunk.css
  938 B      build\static\css\414.42925a7d.chunk.css
  938 B      build\static\css\828.42925a7d.chunk.css
  938 B      build\static\css\874.42925a7d.chunk.css
  933 B      build\static\js\630.31af47b3.chunk.js
  904 B      build\static\js\756.ec6583f8.chunk.js
  785 B      build\static\js\241.29a15589.chunk.js
  720 B      build\static\js\918.7bf322bf.chunk.js
  601 B      build\static\css\760.40b5c356.chunk.css
  479 B      build\static\js\828.a65d9e13.chunk.js
  165 B      build\static\css\258.589cefe4.chunk.css
  165 B      build\static\css\566.589cefe4.chunk.css
  165 B      build\static\css\904.589cefe4.chunk.css
  132 B      build\static\css\294.7c3ec5b6.chunk.css

The project was built assuming it is hosted at /.
You can control this with the homepage field in your package.json.

The build folder is ready to be deployed.
You may serve it with a static server:

  serve -s build

Find out more about deployment here:

  https://cra.link/deployment

